Traceback (most recent call last):
  File "/root/autodl-tmp/Protein_design/boltzgen/src/boltzgen/resources/main.py", line 53, in <module>
    main(config, args)
  File "/root/autodl-tmp/Protein_design/boltzgen/src/boltzgen/resources/main.py", line 47, in main
    task.run(config)
  File "/root/autodl-tmp/Protein_design/boltzgen/src/boltzgen/task/predict/predict.py", line 191, in run
    self.lightning_trainer.predict(
  File "/root/autodl-tmp/conda_envs/boltzgen/lib/python3.11/site-packages/pytorch_lightning/trainer/trainer.py", line 941, in predict
    return call._call_and_handle_interrupt(
           ^^^^^^^^^^^^^^^^^^^^^^^^^^^^^^^^
  File "/root/autodl-tmp/conda_envs/boltzgen/lib/python3.11/site-packages/pytorch_lightning/trainer/call.py", line 49, in _call_and_handle_interrupt
    return trainer_fn(*args, **kwargs)
           ^^^^^^^^^^^^^^^^^^^^^^^^^^^
  File "/root/autodl-tmp/conda_envs/boltzgen/lib/python3.11/site-packages/pytorch_lightning/trainer/trainer.py", line 990, in _predict_impl
    results = self._run(model, ckpt_path=ckpt_path, weights_only=weights_only)
              ^^^^^^^^^^^^^^^^^^^^^^^^^^^^^^^^^^^^^^^^^^^^^^^^^^^^^^^^^^^^^^^^
  File "/root/autodl-tmp/conda_envs/boltzgen/lib/python3.11/site-packages/pytorch_lightning/trainer/trainer.py", line 1079, in _run
    results = self._run_stage()
              ^^^^^^^^^^^^^^^^^
  File "/root/autodl-tmp/conda_envs/boltzgen/lib/python3.11/site-packages/pytorch_lightning/trainer/trainer.py", line 1118, in _run_stage
    return self.predict_loop.run()
           ^^^^^^^^^^^^^^^^^^^^^^^
  File "/root/autodl-tmp/conda_envs/boltzgen/lib/python3.11/site-packages/pytorch_lightning/loops/utilities.py", line 179, in _decorator
    return loop_run(self, *args, **kwargs)
           ^^^^^^^^^^^^^^^^^^^^^^^^^^^^^^^
  File "/root/autodl-tmp/conda_envs/boltzgen/lib/python3.11/site-packages/pytorch_lightning/loops/prediction_loop.py", line 125, in run
    self._predict_step(batch, batch_idx, dataloader_idx, dataloader_iter)
  File "/root/autodl-tmp/conda_envs/boltzgen/lib/python3.11/site-packages/pytorch_lightning/loops/prediction_loop.py", line 255, in _predict_step
    predictions = call._call_strategy_hook(trainer, "predict_step", *step_args)
                  ^^^^^^^^^^^^^^^^^^^^^^^^^^^^^^^^^^^^^^^^^^^^^^^^^^^^^^^^^^^^^
  File "/root/autodl-tmp/conda_envs/boltzgen/lib/python3.11/site-packages/pytorch_lightning/trainer/call.py", line 329, in _call_strategy_hook
    output = fn(*args, **kwargs)
             ^^^^^^^^^^^^^^^^^^^
  File "/root/autodl-tmp/conda_envs/boltzgen/lib/python3.11/site-packages/pytorch_lightning/strategies/strategy.py", line 438, in predict_step
    return self.lightning_module.predict_step(*args, **kwargs)
           ^^^^^^^^^^^^^^^^^^^^^^^^^^^^^^^^^^^^^^^^^^^^^^^^^^^
  File "/root/autodl-tmp/Protein_design/boltzgen/src/boltzgen/model/models/boltz.py", line 1377, in predict_step
    raise e
  File "/root/autodl-tmp/Protein_design/boltzgen/src/boltzgen/model/models/boltz.py", line 1281, in predict_step
    out = self(
          ^^^^^
  File "/root/autodl-tmp/conda_envs/boltzgen/lib/python3.11/site-packages/torch/nn/modules/module.py", line 1751, in _wrapped_call_impl
    return self._call_impl(*args, **kwargs)
           ^^^^^^^^^^^^^^^^^^^^^^^^^^^^^^^^
  File "/root/autodl-tmp/conda_envs/boltzgen/lib/python3.11/site-packages/torch/nn/modules/module.py", line 1762, in _call_impl
    return forward_call(*args, **kwargs)
           ^^^^^^^^^^^^^^^^^^^^^^^^^^^^^
  File "/root/autodl-tmp/Protein_design/boltzgen/src/boltzgen/model/models/boltz.py", line 660, in forward
    struct_out = self.structure_module.sample(
                 ^^^^^^^^^^^^^^^^^^^^^^^^^^^^^
  File "/root/autodl-tmp/Protein_design/boltzgen/src/boltzgen/model/modules/diffusion.py", line 603, in sample
    atom_coords_noisy = weighted_rigid_align(
                        ^^^^^^^^^^^^^^^^^^^^^
  File "/root/autodl-tmp/Protein_design/boltzgen/src/boltzgen/model/loss/diffusion.py", line 75, in weighted_rigid_align
    cov_matrix = einsum(
                 ^^^^^^^
  File "/root/autodl-tmp/conda_envs/boltzgen/lib/python3.11/site-packages/einops/einops.py", line 865, in einsum
    def einsum(*tensors_and_pattern: Union[Tensor, str]) -> Tensor:
    
  File "/root/autodl-tmp/conda_envs/boltzgen/lib/python3.11/site-packages/torch/utils/data/_utils/signal_handling.py", line 73, in handler
    _error_if_any_worker_fails()
RuntimeError: DataLoader worker (pid 474830) is killed by signal: Terminated. 
